Weights : sure_models/sure_v1/weights/best.pt
Data    : data/sure_dataset.yaml
Latency : p50/p95 over 40 real validation frames, 8 warm-up runs discarded


Measuring
  measuring coreml (cpu) ... WARNING ⚠️ Unable to automatically guess model task, assuming 'task=detect'. Explicitly define task for your model, i.e. 'task=detect', 'segment', 'classify','pose' or 'obb'.
Ultralytics 8.4.14 🚀 Python-3.13.9 torch-2.10.0 CPU (Apple M4 Pro)
Loading /Users/batuhancitak/Desktop/sure-project/sure_models/sure_v1/export/best.mlpackage for CoreML inference...
scikit-learn version 1.7.2 is not supported. Minimum required version: 0.17. Maximum required version: 1.5.1. Disabling scikit-learn conversion API.
Torch version 2.10.0 has not been tested with coremltools. You may run into unexpected errors. Torch 2.7.0 is the most recent version that has been tested.
Setting batch=1 input of shape (1, 3, 640, 640)
[34m[1mval: [0mFast image access ✅ (ping: 0.0±0.0 ms, read: 7004.4±2233.2 MB/s, size: 370.5 KB)
[K[34m[1mval: [0mScanning /Users/batuhancitak/Desktop/sure-project/data/sure_dataset/val/labels.cache... 98 images, 0 backgrounds, 0 corrupt: 100% ━━━━━━━━━━━━ 98/98 16.4Mit/s 0.0s
[K                 Class     Images  Instances      Box(P          R      mAP50  mAP50-95): 4% ──────────── 4/98 11.3it/s 0.1s<8.3s[K                 Class     Images  Instances      Box(P          R      mAP50  mAP50-95): 11% ━─────────── 11/98 28.5it/s 0.2s<3.1s[K                 Class     Images  Instances      Box(P          R      mAP50  mAP50-95): 18% ━━────────── 18/98 40.7it/s 0.3s<2.0s[K                 Class     Images  Instances      Box(P          R      mAP50  mAP50-95): 27% ━━━───────── 26/98 49.9it/s 0.4s<1.4s[K                 Class     Images  Instances      Box(P          R      mAP50  mAP50-95): 34% ━━━━──────── 33/98 55.2it/s 0.5s<1.2s[K                 Class     Images  Instances      Box(P          R      mAP50  mAP50-95): 42% ━━━━━─────── 41/98 59.8it/s 0.6s<1.0s[K                 Class     Images  Instances      Box(P          R      mAP50  mAP50-95): 49% ━━━━━╸────── 48/98 62.0it/s 0.7s<0.8s[K                 Class     Images  Instances      Box(P          R      mAP50  mAP50-95): 57% ━━━━━━╸───── 56/98 64.8it/s 0.9s<0.6s[K                 Class     Images  Instances      Box(P          R      mAP50  mAP50-95): 65% ━━━━━━━╸──── 64/98 66.5it/s 1.0s<0.5s[K                 Class     Images  Instances      Box(P          R      mAP50  mAP50-95): 73% ━━━━━━━━╸─── 72/98 67.8it/s 1.1s<0.4s[K                 Class     Images  Instances      Box(P          R      mAP50  mAP50-95): 82% ━━━━━━━━━╸── 80/98 68.9it/s 1.2s<0.3s[K                 Class     Images  Instances      Box(P          R      mAP50  mAP50-95): 90% ━━━━━━━━━━╸─ 88/98 69.3it/s 1.3s<0.1s[K                 Class     Images  Instances      Box(P          R      mAP50  mAP50-95): 98% ━━━━━━━━━━━╸ 96/98 69.8it/s 1.4s<0.0s[K                 Class     Images  Instances      Box(P          R      mAP50  mAP50-95): 100% ━━━━━━━━━━━━ 98/98 67.6it/s 1.4s
                   all         98       1525      0.845      0.721       0.83      0.584
Speed: 0.4ms preprocess, 7.9ms inference, 0.0ms loss, 0.6ms postprocess per image
Loading /Users/batuhancitak/Desktop/sure-project/sure_models/sure_v1/export/best.mlpackage for CoreML inference...
mAP50 0.8298  p50 9.01 ms

| Format | Device | mAP50 | ΔmAP50 | mAP50-95 | p50 ms | p95 ms | FPS | Size MB |
|--------|--------|------:|-------:|---------:|-------:|-------:|----:|--------:|
| coreml | cpu | 0.8298 |  | 0.5840 | 9.01 | 9.36 | 111.0 | 18.2 |

TensorRT FP16/INT8 need CUDA and cannot run on Apple Silicon.
  python export_bench.py --emit-jetson    # script to produce those rows on device

JSON written: /Users/batuhancitak/Desktop/Experiments/PoggioAI-results/project_000/experiment_workspace/experiment_runs/EXP06/run3_coreml_only.json
